/opt/venv/lib/python3.13/site-packages/stable_worldmodel/envs/__init__.py:215: UserWarning: ale-py not found; ALE/* envs are unavailable. Install with: pip install 'stable-worldmodel[env]' or pip install ale-py.
  from stable_worldmodel.envs import ale  # noqa: F401
20:57:57 | INFO  | __init__.py | Cached 'action' from '/proj/data/reacher-dcs-bear/reacher_random_states.h5'
Rendering 320 dcs_bear_dynamic start/next transitions for target-only MoVie supervision...
20:58:01 | INFO  | __init__.py | JAX version 0.11.0 available.
20:58:03 | INFO  | atomic_chec~| [atomic_save] installed crash-safe checkpoint plugin (write to sibling .tmp + fsync + atomic rename)
20:58:09 | INFO  | utils.py    | Loading quentinll/lewm-reacher from local cache...
20:58:09 | INFO  | utils.py    | Loading checkpoint from folder /root/.stable_worldmodel/checkpoints/models--quentinll--lewm-reacher...
20:58:09 | INFO  | utils.py    | Created ViT-tiny from scratch with config: {'hidden_size': 192, 'num_hidden_layers': 12, 'num_attention_heads': 3, 'intermediate_size': 768, 'image_size': 224, 'patch_size': 14}
gradient_sanity stn=1.701398 visual=1.769965 frozen_core=0
baseline_val_dynamics=0.273145 stn_params=83372 visual_params=5501376
epoch 001 train_dyn=0.292038 val_dyn=0.271243 val_loss=0.271243 val_swd=1.445184 val_std=0.296240
epoch 008 train_dyn=0.273343 val_dyn=0.253202 val_loss=0.253202 val_swd=1.429531 val_std=0.290953
epoch 016 train_dyn=0.230882 val_dyn=0.210384 val_loss=0.210384 val_swd=1.425467 val_std=0.267671
epoch 024 train_dyn=0.199419 val_dyn=0.183855 val_loss=0.183855 val_swd=1.506653 val_std=0.206647
epoch 032 train_dyn=0.183237 val_dyn=0.169726 val_loss=0.169726 val_swd=1.538903 val_std=0.179651
epoch 040 train_dyn=0.171500 val_dyn=0.158580 val_loss=0.158580 val_swd=1.537442 val_std=0.168196
epoch 048 train_dyn=0.161535 val_dyn=0.149276 val_loss=0.149276 val_swd=1.530931 val_std=0.158754
epoch 056 train_dyn=0.154993 val_dyn=0.143512 val_loss=0.143512 val_swd=1.521689 val_std=0.155552
epoch 064 train_dyn=0.149131 val_dyn=0.138241 val_loss=0.138241 val_swd=1.510089 val_std=0.154019
best_val_objective: 0.138241
wrote: /proj/data/reacher-dcs-bear/experiment-v2/stn_encoder/movie_latest.ckpt
wrote: /proj/data/reacher-dcs-bear/experiment-v2/stn_encoder/report.json
