INFO:root:VisionTransformer(
  (patch_embed): PatchEmbed(
    (proj): Conv2d(3, 1280, kernel_size=(14, 14), stride=(14, 14))
  )
  (blocks): ModuleList(
    (0-31): 32 x Block(
      (norm1): LayerNorm((1280,), eps=1e-06, elementwise_affine=True)
      (attn): Attention(
        (qkv): Linear(in_features=1280, out_features=3840, bias=True)
        (attn_drop): Dropout(p=0.0, inplace=False)
        (proj): Linear(in_features=1280, out_features=1280, bias=True)
        (proj_drop): Dropout(p=0.0, inplace=False)
      )
      (drop_path): Identity()
      (norm2): LayerNorm((1280,), eps=1e-06, elementwise_affine=True)
      (mlp): MLP(
        (fc1): Linear(in_features=1280, out_features=5120, bias=True)
        (act): GELU(approximate='none')
        (fc2): Linear(in_features=5120, out_features=1280, bias=True)
        (drop): Dropout(p=0.0, inplace=False)
      )
    )
  )
  (norm): LayerNorm((1280,), eps=1e-06, elementwise_affine=True)
)
source_accuracy=0.2000
baseline rbg: accuracy=0.1500 pixel_l1=0.0619 jepa=0.1865
unet rbg target {'step': 1, 'loss': 0.1318359375, 'primary': 0.1318359375, 'source_identity': 0.0, 'gradient_norm': 0.14203644106184082}
RESULT {"adapter": "unet", "shift": "rbg", "objective": "target", "trainable_parameters": 97731, "steps": 1, "learning_rate": 0.0001, "history": [{"step": 1, "loss": 0.1318359375, "primary": 0.1318359375, "source_identity": 0.0, "gradient_norm": 0.14203644106184082}], "first_gradient_norm": 0.14203644106184082, "parameter_update_max": 9.999996109399945e-05, "frozen_core_gradient_tensors": 0, "peak_cuda_memory_bytes": 2845008384, "wall_clock_seconds": 0.45999693870544434, "source_accuracy": 0.20000000298023224, "target_accuracy": 0.15000000596046448, "pixel_l1_to_source": 0.06207783371210098, "ijepa_loss": 0.1875, "output": {"minimum": -0.001009217114187777, "maximum": 1.0015501976013184, "all_finite": true}, "gap_recovery": 0.0, "pixel_gap_recovery": -0.003066566112963409}
wrote /proj/data/ijepa-smoke/report.json
