INFO:root:VisionTransformer(
  (patch_embed): PatchEmbed(
    (proj): Conv2d(3, 1280, kernel_size=(14, 14), stride=(14, 14))
  )
  (blocks): ModuleList(
    (0-31): 32 x Block(
      (norm1): LayerNorm((1280,), eps=1e-06, elementwise_affine=True)
      (attn): Attention(
        (qkv): Linear(in_features=1280, out_features=3840, bias=True)
        (attn_drop): Dropout(p=0.0, inplace=False)
        (proj): Linear(in_features=1280, out_features=1280, bias=True)
        (proj_drop): Dropout(p=0.0, inplace=False)
      )
      (drop_path): Identity()
      (norm2): LayerNorm((1280,), eps=1e-06, elementwise_affine=True)
      (mlp): MLP(
        (fc1): Linear(in_features=1280, out_features=5120, bias=True)
        (act): GELU(approximate='none')
        (fc2): Linear(in_features=5120, out_features=1280, bias=True)
        (drop): Dropout(p=0.0, inplace=False)
      )
    )
  )
  (norm): LayerNorm((1280,), eps=1e-06, elementwise_affine=True)
)
source_accuracy=0.9500
baseline rbg: accuracy=0.9270 pixel_l1=0.0551 jepa=0.1917
baseline affine: accuracy=0.9040 pixel_l1=0.1824 jepa=0.2021
baseline composed: accuracy=0.7830 pixel_l1=0.2006 jepa=0.2167
unet rbg paired {'step': 1, 'loss': 0.06188799440860748, 'primary': 0.06188799440860748, 'source_identity': 0.0, 'gradient_norm': 0.30592030153454886}
unet rbg paired {'step': 64, 'loss': 0.06058879941701889, 'primary': 0.05963769182562828, 'source_identity': 0.0009511092794127762, 'gradient_norm': 0.04314578726527819}
unet rbg paired {'step': 128, 'loss': 0.03777943551540375, 'primary': 0.0289766825735569, 'source_identity': 0.008802754804491997, 'gradient_norm': 0.6098834837313698}
unet rbg paired {'step': 192, 'loss': 0.026912657544016838, 'primary': 0.021667486056685448, 'source_identity': 0.00524517148733139, 'gradient_norm': 0.2871452008677899}
unet rbg paired {'step': 256, 'loss': 0.025660257786512375, 'primary': 0.023250801488757133, 'source_identity': 0.0024094567634165287, 'gradient_norm': 0.45268512326111643}
unet rbg paired {'step': 320, 'loss': 0.024113144725561142, 'primary': 0.020840710029006004, 'source_identity': 0.0032724349293857813, 'gradient_norm': 0.3007891659321022}
unet rbg paired {'step': 384, 'loss': 0.022809414193034172, 'primary': 0.020024610683321953, 'source_identity': 0.0027848035097122192, 'gradient_norm': 0.5198484960260786}
unet rbg paired {'step': 448, 'loss': 0.03121688961982727, 'primary': 0.029146259650588036, 'source_identity': 0.0020706304349005222, 'gradient_norm': 0.8070952172847556}
unet rbg paired {'step': 512, 'loss': 0.029136765748262405, 'primary': 0.02462139166891575, 'source_identity': 0.004515373148024082, 'gradient_norm': 0.3766378353357323}
RESULT {"adapter": "unet", "shift": "rbg", "objective": "paired", "trainable_parameters": 97731, "steps": 512, "learning_rate": 0.0003, "history": [{"step": 1, "loss": 0.06188799440860748, "primary": 0.06188799440860748, "source_identity": 0.0, "gradient_norm": 0.30592030153454886}, {"step": 64, "loss": 0.06058879941701889, "primary": 0.05963769182562828, "source_identity": 0.0009511092794127762, "gradient_norm": 0.04314578726527819}, {"step": 128, "loss": 0.03777943551540375, "primary": 0.0289766825735569, "source_identity": 0.008802754804491997, "gradient_norm": 0.6098834837313698}, {"step": 192, "loss": 0.026912657544016838, "primary": 0.021667486056685448, "source_identity": 0.00524517148733139, "gradient_norm": 0.2871452008677899}, {"step": 256, "loss": 0.025660257786512375, "primary": 0.023250801488757133, "source_identity": 0.0024094567634165287, "gradient_norm": 0.45268512326111643}, {"step": 320, "loss": 0.024113144725561142, "primary": 0.020840710029006004, "source_identity": 0.0032724349293857813, "gradient_norm": 0.3007891659321022}, {"step": 384, "loss": 0.022809414193034172, "primary": 0.020024610683321953, "source_identity": 0.0027848035097122192, "gradient_norm": 0.5198484960260786}, {"step": 448, "loss": 0.03121688961982727, "primary": 0.029146259650588036, "source_identity": 0.0020706304349005222, "gradient_norm": 0.8070952172847556}, {"step": 512, "loss": 0.029136765748262405, "primary": 0.02462139166891575, "source_identity": 0.004515373148024082, "gradient_norm": 0.3766378353357323}], "first_gradient_norm": 0.30592030153454886, "parameter_update_max": 0.08783089369535446, "frozen_core_gradient_tensors": 0, "peak_cuda_memory_bytes": 5479973376, "wall_clock_seconds": 109.67676615715027, "source_accuracy": 0.9470000267028809, "target_accuracy": 0.9340000152587891, "pixel_l1_to_source": 0.021125563427805902, "ijepa_loss": 0.189404296875, "output": {"minimum": -0.5241622924804688, "maximum": 1.4337222576141357, "all_finite": true}, "gap_recovery": 0.3043490655029077, "pixel_gap_recovery": 0.6169052342035866, "capacity_val_pixel_l1_to_source": 0.0216689632833004, "capacity_val_pixel_gap_recovery": 0.6170971431020982, "capacity_gate_pass": true}
unet rbg target {'step': 1, 'loss': 0.166015625, 'primary': 0.166015625, 'source_identity': 0.0, 'gradient_norm': 0.15674740253777353}
unet rbg target {'step': 32, 'loss': 0.17578125, 'primary': 0.17578125, 'source_identity': 0.0, 'gradient_norm': 2.081084970160575}
unet rbg target {'step': 64, 'loss': 0.189453125, 'primary': 0.189453125, 'source_identity': 0.0, 'gradient_norm': 0.18157668993677772}
unet rbg target {'step': 96, 'loss': 0.1708984375, 'primary': 0.1708984375, 'source_identity': 0.0, 'gradient_norm': 0.5331090376420574}
unet rbg target {'step': 128, 'loss': 0.1982421875, 'primary': 0.1982421875, 'source_identity': 0.0, 'gradient_norm': 0.13712272983393034}
unet rbg target {'step': 160, 'loss': 0.185546875, 'primary': 0.185546875, 'source_identity': 0.0, 'gradient_norm': 0.22006173658350095}
unet rbg target {'step': 192, 'loss': 0.21484375, 'primary': 0.21484375, 'source_identity': 0.0, 'gradient_norm': 0.3743267163676296}
unet rbg target {'step': 224, 'loss': 0.1875, 'primary': 0.1875, 'source_identity': 0.0, 'gradient_norm': 0.16256184180470482}
unet rbg target {'step': 256, 'loss': 0.1953125, 'primary': 0.1953125, 'source_identity': 0.0, 'gradient_norm': 0.27704980506245414}
RESULT {"adapter": "unet", "shift": "rbg", "objective": "target", "trainable_parameters": 97731, "steps": 256, "learning_rate": 0.0001, "history": [{"step": 1, "loss": 0.166015625, "primary": 0.166015625, "source_identity": 0.0, "gradient_norm": 0.15674740253777353}, {"step": 32, "loss": 0.17578125, "primary": 0.17578125, "source_identity": 0.0, "gradient_norm": 2.081084970160575}, {"step": 64, "loss": 0.189453125, "primary": 0.189453125, "source_identity": 0.0, "gradient_norm": 0.18157668993677772}, {"step": 96, "loss": 0.1708984375, "primary": 0.1708984375, "source_identity": 0.0, "gradient_norm": 0.5331090376420574}, {"step": 128, "loss": 0.1982421875, "primary": 0.1982421875, "source_identity": 0.0, "gradient_norm": 0.13712272983393034}, {"step": 160, "loss": 0.185546875, "primary": 0.185546875, "source_identity": 0.0, "gradient_norm": 0.22006173658350095}, {"step": 192, "loss": 0.21484375, "primary": 0.21484375, "source_identity": 0.0, "gradient_norm": 0.3743267163676296}, {"step": 224, "loss": 0.1875, "primary": 0.1875, "source_identity": 0.0, "gradient_norm": 0.16256184180470482}, {"step": 256, "loss": 0.1953125, "primary": 0.1953125, "source_identity": 0.0, "gradient_norm": 0.27704980506245414}], "first_gradient_norm": 0.15674740253777353, "parameter_update_max": 0.008183836936950684, "frozen_core_gradient_tensors": 0, "peak_cuda_memory_bytes": 4419122176, "wall_clock_seconds": 42.63156270980835, "source_accuracy": 0.9509999752044678, "target_accuracy": 0.9269999861717224, "pixel_l1_to_source": 0.058925588011741636, "ijepa_loss": 0.19111328125, "output": {"minimum": -0.009628561325371265, "maximum": 1.0421366691589355, "all_finite": true}, "gap_recovery": 0.0, "pixel_gap_recovery": -0.06856720844006614}
unet rbg source_prior {'step': 1, 'loss': 0.181640625, 'primary': 0.181640625, 'source_identity': 0.0, 'gradient_norm': 0.2034435182002064}
unet rbg source_prior {'step': 32, 'loss': 0.18861527740955353, 'primary': 0.1884765625, 'source_identity': 0.0001387131487717852, 'gradient_norm': 0.46844666080627456}
unet rbg source_prior {'step': 64, 'loss': 0.16814452409744263, 'primary': 0.16796875, 'source_identity': 0.00017578108236193657, 'gradient_norm': 0.3274095856585338}
unet rbg source_prior {'step': 96, 'loss': 0.21198256313800812, 'primary': 0.2119140625, 'source_identity': 6.849589408375323e-05, 'gradient_norm': 0.2254111167004207}
unet rbg source_prior {'step': 128, 'loss': 0.2022835910320282, 'primary': 0.2021484375, 'source_identity': 0.0001351504324702546, 'gradient_norm': 0.43768671094260336}
unet rbg source_prior {'step': 160, 'loss': 0.18469426035881042, 'primary': 0.1845703125, 'source_identity': 0.0001239498524228111, 'gradient_norm': 0.1737622937950949}
unet rbg source_prior {'step': 192, 'loss': 0.18178552389144897, 'primary': 0.181640625, 'source_identity': 0.00014490113244391978, 'gradient_norm': 0.35907931064440624}
unet rbg source_prior {'step': 224, 'loss': 0.17783546447753906, 'primary': 0.177734375, 'source_identity': 0.00010108856804436073, 'gradient_norm': 0.29195881613984603}
unet rbg source_prior {'step': 256, 'loss': 0.20626822113990784, 'primary': 0.2060546875, 'source_identity': 0.00021353756892494857, 'gradient_norm': 0.16495731595992422}
RESULT {"adapter": "unet", "shift": "rbg", "objective": "source_prior", "trainable_parameters": 97731, "steps": 256, "learning_rate": 0.0001, "history": [{"step": 1, "loss": 0.181640625, "primary": 0.181640625, "source_identity": 0.0, "gradient_norm": 0.2034435182002064}, {"step": 32, "loss": 0.18861527740955353, "primary": 0.1884765625, "source_identity": 0.0001387131487717852, "gradient_norm": 0.46844666080627456}, {"step": 64, "loss": 0.16814452409744263, "primary": 0.16796875, "source_identity": 0.00017578108236193657, "gradient_norm": 0.3274095856585338}, {"step": 96, "loss": 0.21198256313800812, "primary": 0.2119140625, "source_identity": 6.849589408375323e-05, "gradient_norm": 0.2254111167004207}, {"step": 128, "loss": 0.2022835910320282, "primary": 0.2021484375, "source_identity": 0.0001351504324702546, "gradient_norm": 0.43768671094260336}, {"step": 160, "loss": 0.18469426035881042, "primary": 0.1845703125, "source_identity": 0.0001239498524228111, "gradient_norm": 0.1737622937950949}, {"step": 192, "loss": 0.18178552389144897, "primary": 0.181640625, "source_identity": 0.00014490113244391978, "gradient_norm": 0.35907931064440624}, {"step": 224, "loss": 0.17783546447753906, "primary": 0.177734375, "source_identity": 0.00010108856804436073, "gradient_norm": 0.29195881613984603}, {"step": 256, "loss": 0.20626822113990784, "primary": 0.2060546875, "source_identity": 0.00021353756892494857, "gradient_norm": 0.16495731595992422}], "first_gradient_norm": 0.2034435182002064, "parameter_update_max": 0.014605903998017311, "frozen_core_gradient_tensors": 0, "peak_cuda_memory_bytes": 4707600384, "wall_clock_seconds": 47.408491373062134, "source_accuracy": 0.949999988079071, "target_accuracy": 0.9269999861717224, "pixel_l1_to_source": 0.055280140310525895, "ijepa_loss": 0.191650390625, "output": {"minimum": -0.0055032698437571526, "maximum": 1.0056636333465576, "all_finite": true}, "gap_recovery": 0.0, "pixel_gap_recovery": -0.0024600043367120072}
unet affine paired {'step': 1, 'loss': 0.18324506282806396, 'primary': 0.18324506282806396, 'source_identity': 0.0, 'gradient_norm': 0.06391329294158338}
unet affine paired {'step': 64, 'loss': 0.186238095164299, 'primary': 0.186171755194664, 'source_identity': 6.63398823235184e-05, 'gradient_norm': 0.20699152059113696}
unet affine paired {'step': 128, 'loss': 0.18159161508083344, 'primary': 0.18155166506767273, 'source_identity': 3.9956332329893485e-05, 'gradient_norm': 0.4505403949156794}
unet affine paired {'step': 192, 'loss': 0.17467479407787323, 'primary': 0.17465025186538696, 'source_identity': 2.453552770020906e-05, 'gradient_norm': 0.1693284798560853}
unet affine paired {'step': 256, 'loss': 0.1820504069328308, 'primary': 0.18201778829097748, 'source_identity': 3.2625015592202544e-05, 'gradient_norm': 0.40520978084794}
unet affine paired {'step': 320, 'loss': 0.18443213403224945, 'primary': 0.18441151082515717, 'source_identity': 2.062176281469874e-05, 'gradient_norm': 0.32654904684707237}
unet affine paired {'step': 384, 'loss': 0.19804202020168304, 'primary': 0.19801750779151917, 'source_identity': 2.4508752176188864e-05, 'gradient_norm': 0.38410951714138974}
unet affine paired {'step': 448, 'loss': 0.17434382438659668, 'primary': 0.1743265688419342, 'source_identity': 1.7256523278774694e-05, 'gradient_norm': 0.26547256785814527}
unet affine paired {'step': 512, 'loss': 0.1871069222688675, 'primary': 0.1870812326669693, 'source_identity': 2.569535718066618e-05, 'gradient_norm': 0.4130339576699361}
RESULT {"adapter": "unet", "shift": "affine", "objective": "paired", "trainable_parameters": 97731, "steps": 512, "learning_rate": 0.0003, "history": [{"step": 1, "loss": 0.18324506282806396, "primary": 0.18324506282806396, "source_identity": 0.0, "gradient_norm": 0.06391329294158338}, {"step": 64, "loss": 0.186238095164299, "primary": 0.186171755194664, "source_identity": 6.63398823235184e-05, "gradient_norm": 0.20699152059113696}, {"step": 128, "loss": 0.18159161508083344, "primary": 0.18155166506767273, "source_identity": 3.9956332329893485e-05, "gradient_norm": 0.4505403949156794}, {"step": 192, "loss": 0.17467479407787323, "primary": 0.17465025186538696, "source_identity": 2.453552770020906e-05, "gradient_norm": 0.1693284798560853}, {"step": 256, "loss": 0.1820504069328308, "primary": 0.18201778829097748, "source_identity": 3.2625015592202544e-05, "gradient_norm": 0.40520978084794}, {"step": 320, "loss": 0.18443213403224945, "primary": 0.18441151082515717, "source_identity": 2.062176281469874e-05, "gradient_norm": 0.32654904684707237}, {"step": 384, "loss": 0.19804202020168304, "primary": 0.19801750779151917, "source_identity": 2.4508752176188864e-05, "gradient_norm": 0.38410951714138974}, {"step": 448, "loss": 0.17434382438659668, "primary": 0.1743265688419342, "source_identity": 1.7256523278774694e-05, "gradient_norm": 0.26547256785814527}, {"step": 512, "loss": 0.1871069222688675, "primary": 0.1870812326669693, "source_identity": 2.569535718066618e-05, "gradient_norm": 0.4130339576699361}], "first_gradient_norm": 0.06391329294158338, "parameter_update_max": 0.04527103155851364, "frozen_core_gradient_tensors": 0, "peak_cuda_memory_bytes": 5480759808, "wall_clock_seconds": 129.94111037254333, "source_accuracy": 0.949999988079071, "target_accuracy": 0.9039999842643738, "pixel_l1_to_source": 0.18237137150764465, "ijepa_loss": 0.20205078125, "output": {"minimum": -4.94253690703772e-05, "maximum": 1.000125765800476, "all_finite": true}, "gap_recovery": 0.0, "pixel_gap_recovery": 3.838353769625158e-05, "capacity_val_pixel_l1_to_source": 0.1839826786518097, "capacity_val_pixel_gap_recovery": 3.8110235365373946e-05, "capacity_gate_pass": false}
unet composed paired {'step': 1, 'loss': 0.21139757335186005, 'primary': 0.21139757335186005, 'source_identity': 0.0, 'gradient_norm': 0.1264814380672346}
unet composed paired {'step': 64, 'loss': 0.20353463292121887, 'primary': 0.20305491983890533, 'source_identity': 0.0004797167202923447, 'gradient_norm': 0.13485533268462582}
unet composed paired {'step': 128, 'loss': 0.20082272589206696, 'primary': 0.1981763243675232, 'source_identity': 0.002646400360390544, 'gradient_norm': 0.27918416998922596}
unet composed paired {'step': 192, 'loss': 0.19295519590377808, 'primary': 0.18718567490577698, 'source_identity': 0.005769526585936546, 'gradient_norm': 0.34701942525032536}
unet composed paired {'step': 256, 'loss': 0.19492796063423157, 'primary': 0.19019436836242676, 'source_identity': 0.00473359227180481, 'gradient_norm': 0.43154145132447236}
unet composed paired {'step': 320, 'loss': 0.17846830189228058, 'primary': 0.17623703181743622, 'source_identity': 0.0022312733344733715, 'gradient_norm': 0.3835790027871484}
unet composed paired {'step': 384, 'loss': 0.19347545504570007, 'primary': 0.1919788420200348, 'source_identity': 0.001496618613600731, 'gradient_norm': 0.4626101163436468}
unet composed paired {'step': 448, 'loss': 0.1899997889995575, 'primary': 0.18752160668373108, 'source_identity': 0.0024781841784715652, 'gradient_norm': 0.331071546908357}
unet composed paired {'step': 512, 'loss': 0.18630650639533997, 'primary': 0.18334944546222687, 'source_identity': 0.0029570613987743855, 'gradient_norm': 0.29029440206019447}
RESULT {"adapter": "unet", "shift": "composed", "objective": "paired", "trainable_parameters": 97731, "steps": 512, "learning_rate": 0.0003, "history": [{"step": 1, "loss": 0.21139757335186005, "primary": 0.21139757335186005, "source_identity": 0.0, "gradient_norm": 0.1264814380672346}, {"step": 64, "loss": 0.20353463292121887, "primary": 0.20305491983890533, "source_identity": 0.0004797167202923447, "gradient_norm": 0.13485533268462582}, {"step": 128, "loss": 0.20082272589206696, "primary": 0.1981763243675232, "source_identity": 0.002646400360390544, "gradient_norm": 0.27918416998922596}, {"step": 192, "loss": 0.19295519590377808, "primary": 0.18718567490577698, "source_identity": 0.005769526585936546, "gradient_norm": 0.34701942525032536}, {"step": 256, "loss": 0.19492796063423157, "primary": 0.19019436836242676, "source_identity": 0.00473359227180481, "gradient_norm": 0.43154145132447236}, {"step": 320, "loss": 0.17846830189228058, "primary": 0.17623703181743622, "source_identity": 0.0022312733344733715, "gradient_norm": 0.3835790027871484}, {"step": 384, "loss": 0.19347545504570007, "primary": 0.1919788420200348, "source_identity": 0.001496618613600731, "gradient_norm": 0.4626101163436468}, {"step": 448, "loss": 0.1899997889995575, "primary": 0.18752160668373108, "source_identity": 0.0024781841784715652, "gradient_norm": 0.331071546908357}, {"step": 512, "loss": 0.18630650639533997, "primary": 0.18334944546222687, "source_identity": 0.0029570613987743855, "gradient_norm": 0.29029440206019447}], "first_gradient_norm": 0.1264814380672346, "parameter_update_max": 0.0773516595363617, "frozen_core_gradient_tensors": 0, "peak_cuda_memory_bytes": 5480759808, "wall_clock_seconds": 157.28634405136108, "source_accuracy": 0.9490000009536743, "target_accuracy": 0.8220000267028809, "pixel_l1_to_source": 0.1868744715452194, "ijepa_loss": 0.215576171875, "output": {"minimum": -0.4515877068042755, "maximum": 1.3738877773284912, "all_finite": true}, "gap_recovery": 0.2335331457155145, "pixel_gap_recovery": 0.06835383973601228, "capacity_val_pixel_l1_to_source": 0.18853257238864898, "capacity_val_pixel_gap_recovery": 0.06901863682385367, "capacity_gate_pass": false}
grid_color rbg paired {'step': 1, 'loss': 0.061888232827186584, 'primary': 0.061888065189123154, 'source_identity': 1.6821449833059887e-07, 'gradient_norm': 1.6267598570875972}
grid_color rbg paired {'step': 64, 'loss': 0.05750143900513649, 'primary': 0.052701741456985474, 'source_identity': 0.0047996980138123035, 'gradient_norm': 1.5443143997575168}
grid_color rbg paired {'step': 128, 'loss': 0.04153874143958092, 'primary': 0.03300221636891365, 'source_identity': 0.008536525070667267, 'gradient_norm': 1.7534810736508148}
grid_color rbg paired {'step': 192, 'loss': 0.04457947611808777, 'primary': 0.021415727213025093, 'source_identity': 0.023163748905062675, 'gradient_norm': 1.36799522936535}
grid_color rbg paired {'step': 256, 'loss': 0.03852132707834244, 'primary': 0.019529569894075394, 'source_identity': 0.018991755321621895, 'gradient_norm': 1.224596660900903}
grid_color rbg paired {'step': 320, 'loss': 0.03711023926734924, 'primary': 0.020214427262544632, 'source_identity': 0.01689581386744976, 'gradient_norm': 1.4510150743589898}
grid_color rbg paired {'step': 384, 'loss': 0.030348042026162148, 'primary': 0.019004065543413162, 'source_identity': 0.011343976482748985, 'gradient_norm': 1.612048859899697}
grid_color rbg paired {'step': 448, 'loss': 0.03680120408535004, 'primary': 0.02056618221104145, 'source_identity': 0.016235020011663437, 'gradient_norm': 1.4421397917879346}
grid_color rbg paired {'step': 512, 'loss': 0.032780397683382034, 'primary': 0.020313818007707596, 'source_identity': 0.012466579675674438, 'gradient_norm': 1.725703945664655}
RESULT {"adapter": "grid_color", "shift": "rbg", "objective": "paired", "trainable_parameters": 67009, "steps": 512, "learning_rate": 0.0003, "history": [{"step": 1, "loss": 0.061888232827186584, "primary": 0.061888065189123154, "source_identity": 1.6821449833059887e-07, "gradient_norm": 1.6267598570875972}, {"step": 64, "loss": 0.05750143900513649, "primary": 0.052701741456985474, "source_identity": 0.0047996980138123035, "gradient_norm": 1.5443143997575168}, {"step": 128, "loss": 0.04153874143958092, "primary": 0.03300221636891365, "source_identity": 0.008536525070667267, "gradient_norm": 1.7534810736508148}, {"step": 192, "loss": 0.04457947611808777, "primary": 0.021415727213025093, "source_identity": 0.023163748905062675, "gradient_norm": 1.36799522936535}, {"step": 256, "loss": 0.03852132707834244, "primary": 0.019529569894075394, "source_identity": 0.018991755321621895, "gradient_norm": 1.224596660900903}, {"step": 320, "loss": 0.03711023926734924, "primary": 0.020214427262544632, "source_identity": 0.01689581386744976, "gradient_norm": 1.4510150743589898}, {"step": 384, "loss": 0.030348042026162148, "primary": 0.019004065543413162, "source_identity": 0.011343976482748985, "gradient_norm": 1.612048859899697}, {"step": 448, "loss": 0.03680120408535004, "primary": 0.02056618221104145, "source_identity": 0.016235020011663437, "gradient_norm": 1.4421397917879346}, {"step": 512, "loss": 0.032780397683382034, "primary": 0.020313818007707596, "source_identity": 0.012466579675674438, "gradient_norm": 1.725703945664655}], "first_gradient_norm": 1.6267598570875972, "parameter_update_max": 0.055147625505924225, "frozen_core_gradient_tensors": 0, "peak_cuda_memory_bytes": 4385174528, "wall_clock_seconds": 103.83273029327393, "source_accuracy": 0.9380000233650208, "target_accuracy": 0.9359999895095825, "pixel_l1_to_source": 0.01944162093102932, "ijepa_loss": 0.190283203125, "output": {"minimum": -0.3110833764076233, "maximum": 1.2477526664733887, "all_finite": true}, "gap_recovery": 0.39130446050026435, "pixel_gap_recovery": 0.6474421502305525, "capacity_val_pixel_l1_to_source": 0.0202238067984581, "capacity_val_pixel_gap_recovery": 0.6426338768847015, "capacity_gate_pass": true}
grid_color rbg target {'step': 1, 'loss': 0.1669921875, 'primary': 0.1669921875, 'source_identity': 0.0, 'gradient_norm': 0.8486719136865576}
grid_color rbg target {'step': 32, 'loss': 0.177734375, 'primary': 0.177734375, 'source_identity': 0.0, 'gradient_norm': 0.3971947136549717}
grid_color rbg target {'step': 64, 'loss': 0.1875, 'primary': 0.1875, 'source_identity': 0.0, 'gradient_norm': 0.7672360506381518}
grid_color rbg target {'step': 96, 'loss': 0.169921875, 'primary': 0.169921875, 'source_identity': 0.0, 'gradient_norm': 5.2441327528031145}
grid_color rbg target {'step': 128, 'loss': 0.1943359375, 'primary': 0.1943359375, 'source_identity': 0.0, 'gradient_norm': 0.5905607730385023}
grid_color rbg target {'step': 160, 'loss': 0.1904296875, 'primary': 0.1904296875, 'source_identity': 0.0, 'gradient_norm': 0.38212774207407746}
grid_color rbg target {'step': 192, 'loss': 0.21875, 'primary': 0.21875, 'source_identity': 0.0, 'gradient_norm': 1.6942132554002045}
grid_color rbg target {'step': 224, 'loss': 0.1923828125, 'primary': 0.1923828125, 'source_identity': 0.0, 'gradient_norm': 0.3249658896643983}
grid_color rbg target {'step': 256, 'loss': 0.1943359375, 'primary': 0.1943359375, 'source_identity': 0.0, 'gradient_norm': 2.2171224365895776}
RESULT {"adapter": "grid_color", "shift": "rbg", "objective": "target", "trainable_parameters": 67009, "steps": 256, "learning_rate": 0.0001, "history": [{"step": 1, "loss": 0.1669921875, "primary": 0.1669921875, "source_identity": 0.0, "gradient_norm": 0.8486719136865576}, {"step": 32, "loss": 0.177734375, "primary": 0.177734375, "source_identity": 0.0, "gradient_norm": 0.3971947136549717}, {"step": 64, "loss": 0.1875, "primary": 0.1875, "source_identity": 0.0, "gradient_norm": 0.7672360506381518}, {"step": 96, "loss": 0.169921875, "primary": 0.169921875, "source_identity": 0.0, "gradient_norm": 5.2441327528031145}, {"step": 128, "loss": 0.1943359375, "primary": 0.1943359375, "source_identity": 0.0, "gradient_norm": 0.5905607730385023}, {"step": 160, "loss": 0.1904296875, "primary": 0.1904296875, "source_identity": 0.0, "gradient_norm": 0.38212774207407746}, {"step": 192, "loss": 0.21875, "primary": 0.21875, "source_identity": 0.0, "gradient_norm": 1.6942132554002045}, {"step": 224, "loss": 0.1923828125, "primary": 0.1923828125, "source_identity": 0.0, "gradient_norm": 0.3249658896643983}, {"step": 256, "loss": 0.1943359375, "primary": 0.1943359375, "source_identity": 0.0, "gradient_norm": 2.2171224365895776}], "first_gradient_norm": 0.8486719136865576, "parameter_update_max": 0.009998863562941551, "frozen_core_gradient_tensors": 0, "peak_cuda_memory_bytes": 4347565056, "wall_clock_seconds": 44.103240966796875, "source_accuracy": 0.9480000138282776, "target_accuracy": 0.9269999861717224, "pixel_l1_to_source": 0.10288574075698853, "ijepa_loss": 0.19267578125, "output": {"minimum": -0.024471141397953033, "maximum": 1.0427985191345215, "all_finite": true}, "gap_recovery": 0.0, "pixel_gap_recovery": -0.8657485228162107}
grid_color rbg source_prior {'step': 1, 'loss': 0.1816408485174179, 'primary': 0.181640625, 'source_identity': 2.2461429693976243e-07, 'gradient_norm': 2.348319566203447}
grid_color rbg source_prior {'step': 32, 'loss': 0.19207122921943665, 'primary': 0.1904296875, 'source_identity': 0.0016415354330092669, 'gradient_norm': 4.567679616963009}
grid_color rbg source_prior {'step': 64, 'loss': 0.1700177639722824, 'primary': 0.1689453125, 'source_identity': 0.0010724494932219386, 'gradient_norm': 2.9453746045191833}
grid_color rbg source_prior {'step': 96, 'loss': 0.2138020545244217, 'primary': 0.2119140625, 'source_identity': 0.001887985970824957, 'gradient_norm': 2.7398092765020907}
grid_color rbg source_prior {'step': 128, 'loss': 0.2017812430858612, 'primary': 0.201171875, 'source_identity': 0.0006093744304962456, 'gradient_norm': 1.9084285549888325}
grid_color rbg source_prior {'step': 160, 'loss': 0.18561714887619019, 'primary': 0.1845703125, 'source_identity': 0.0010468291584402323, 'gradient_norm': 0.9593540001535618}
grid_color rbg source_prior {'step': 192, 'loss': 0.18325527012348175, 'primary': 0.181640625, 'source_identity': 0.0016146504785865545, 'gradient_norm': 1.8545778108833526}
grid_color rbg source_prior {'step': 224, 'loss': 0.17936012148857117, 'primary': 0.1787109375, 'source_identity': 0.0006491778767667711, 'gradient_norm': 1.7161023261392157}
grid_color rbg source_prior {'step': 256, 'loss': 0.2074306756258011, 'primary': 0.20703125, 'source_identity': 0.0003994182334281504, 'gradient_norm': 3.5382681943576264}
RESULT {"adapter": "grid_color", "shift": "rbg", "objective": "source_prior", "trainable_parameters": 67009, "steps": 256, "learning_rate": 0.0001, "history": [{"step": 1, "loss": 0.1816408485174179, "primary": 0.181640625, "source_identity": 2.2461429693976243e-07, "gradient_norm": 2.348319566203447}, {"step": 32, "loss": 0.19207122921943665, "primary": 0.1904296875, "source_identity": 0.0016415354330092669, "gradient_norm": 4.567679616963009}, {"step": 64, "loss": 0.1700177639722824, "primary": 0.1689453125, "source_identity": 0.0010724494932219386, "gradient_norm": 2.9453746045191833}, {"step": 96, "loss": 0.2138020545244217, "primary": 0.2119140625, "source_identity": 0.001887985970824957, "gradient_norm": 2.7398092765020907}, {"step": 128, "loss": 0.2017812430858612, "primary": 0.201171875, "source_identity": 0.0006093744304962456, "gradient_norm": 1.9084285549888325}, {"step": 160, "loss": 0.18561714887619019, "primary": 0.1845703125, "source_identity": 0.0010468291584402323, "gradient_norm": 0.9593540001535618}, {"step": 192, "loss": 0.18325527012348175, "primary": 0.181640625, "source_identity": 0.0016146504785865545, "gradient_norm": 1.8545778108833526}, {"step": 224, "loss": 0.17936012148857117, "primary": 0.1787109375, "source_identity": 0.0006491778767667711, "gradient_norm": 1.7161023261392157}, {"step": 256, "loss": 0.2074306756258011, "primary": 0.20703125, "source_identity": 0.0003994182334281504, "gradient_norm": 3.5382681943576264}], "first_gradient_norm": 2.348319566203447, "parameter_update_max": 0.017746351659297943, "frozen_core_gradient_tensors": 0, "peak_cuda_memory_bytes": 4567762944, "wall_clock_seconds": 49.91960406303406, "source_accuracy": 0.9490000009536743, "target_accuracy": 0.9269999861717224, "pixel_l1_to_source": 0.05507279911637306, "ijepa_loss": 0.19150390625, "output": {"minimum": -0.0029748573433607817, "maximum": 1.0043141841888428, "all_finite": true}, "gap_recovery": 0.0, "pixel_gap_recovery": 0.0012999581601640386}
grid_color affine paired {'step': 1, 'loss': 0.1832452267408371, 'primary': 0.18324503302574158, 'source_identity': 1.965506015721985e-07, 'gradient_norm': 0.5921198536794001}
grid_color affine paired {'step': 64, 'loss': 0.18658125400543213, 'primary': 0.18608586490154266, 'source_identity': 0.0004953902098350227, 'gradient_norm': 1.0541044517369862}
grid_color affine paired {'step': 128, 'loss': 0.18171927332878113, 'primary': 0.18144366145133972, 'source_identity': 0.0002756169706117362, 'gradient_norm': 0.4587277104871173}
grid_color affine paired {'step': 192, 'loss': 0.17489296197891235, 'primary': 0.1746007800102234, 'source_identity': 0.0002921853447332978, 'gradient_norm': 1.231055489753251}
grid_color affine paired {'step': 256, 'loss': 0.18214528262615204, 'primary': 0.18197131156921387, 'source_identity': 0.00017396618204656988, 'gradient_norm': 1.3580492930157035}
grid_color affine paired {'step': 320, 'loss': 0.18452449142932892, 'primary': 0.18438032269477844, 'source_identity': 0.0001441649510525167, 'gradient_norm': 1.4257878213716184}
grid_color affine paired {'step': 384, 'loss': 0.19808414578437805, 'primary': 0.19800131022930145, 'source_identity': 8.284083742182702e-05, 'gradient_norm': 0.5889018245814275}
grid_color affine paired {'step': 448, 'loss': 0.17454132437705994, 'primary': 0.17426516115665436, 'source_identity': 0.00027615774888545275, 'gradient_norm': 2.162089904021455}
grid_color affine paired {'step': 512, 'loss': 0.18716567754745483, 'primary': 0.18705634772777557, 'source_identity': 0.00010933464363915846, 'gradient_norm': 0.988129789190299}
RESULT {"adapter": "grid_color", "shift": "affine", "objective": "paired", "trainable_parameters": 67009, "steps": 512, "learning_rate": 0.0003, "history": [{"step": 1, "loss": 0.1832452267408371, "primary": 0.18324503302574158, "source_identity": 1.965506015721985e-07, "gradient_norm": 0.5921198536794001}, {"step": 64, "loss": 0.18658125400543213, "primary": 0.18608586490154266, "source_identity": 0.0004953902098350227, "gradient_norm": 1.0541044517369862}, {"step": 128, "loss": 0.18171927332878113, "primary": 0.18144366145133972, "source_identity": 0.0002756169706117362, "gradient_norm": 0.4587277104871173}, {"step": 192, "loss": 0.17489296197891235, "primary": 0.1746007800102234, "source_identity": 0.0002921853447332978, "gradient_norm": 1.231055489753251}, {"step": 256, "loss": 0.18214528262615204, "primary": 0.18197131156921387, "source_identity": 0.00017396618204656988, "gradient_norm": 1.3580492930157035}, {"step": 320, "loss": 0.18452449142932892, "primary": 0.18438032269477844, "source_identity": 0.0001441649510525167, "gradient_norm": 1.4257878213716184}, {"step": 384, "loss": 0.19808414578437805, "primary": 0.19800131022930145, "source_identity": 8.284083742182702e-05, "gradient_norm": 0.5889018245814275}, {"step": 448, "loss": 0.17454132437705994, "primary": 0.17426516115665436, "source_identity": 0.00027615774888545275, "gradient_norm": 2.162089904021455}, {"step": 512, "loss": 0.18716567754745483, "primary": 0.18705634772777557, "source_identity": 0.00010933464363915846, "gradient_norm": 0.988129789190299}], "first_gradient_norm": 0.5921198536794001, "parameter_update_max": 0.04996877536177635, "frozen_core_gradient_tensors": 0, "peak_cuda_memory_bytes": 4385174528, "wall_clock_seconds": 149.68641567230225, "source_accuracy": 0.949999988079071, "target_accuracy": 0.9049999713897705, "pixel_l1_to_source": 0.18234785640239715, "ijepa_loss": 0.201953125, "output": {"minimum": -0.0003513851552270353, "maximum": 1.0004246234893799, "all_finite": true}, "gap_recovery": 0.021738848749339165, "pixel_gap_recovery": 0.00016731935947666976, "capacity_val_pixel_l1_to_source": 0.1839590209722519, "capacity_val_pixel_gap_recovery": 0.00016669178516892647, "capacity_gate_pass": false}
grid_color composed paired {'step': 1, 'loss': 0.21139772236347198, 'primary': 0.21139754354953766, 'source_identity': 1.847606938554236e-07, 'gradient_norm': 0.4391604185156604}
grid_color composed paired {'step': 64, 'loss': 0.20221318304538727, 'primary': 0.20000605285167694, 'source_identity': 0.002207129495218396, 'gradient_norm': 1.0617358102344665}
grid_color composed paired {'step': 128, 'loss': 0.20293056964874268, 'primary': 0.1996374875307083, 'source_identity': 0.003293087240308523, 'gradient_norm': 0.8731884766198824}
grid_color composed paired {'step': 192, 'loss': 0.19731946289539337, 'primary': 0.1911526322364807, 'source_identity': 0.00616683391854167, 'gradient_norm': 1.0333411060733029}
grid_color composed paired {'step': 256, 'loss': 0.1996697336435318, 'primary': 0.1933102309703827, 'source_identity': 0.006359499413520098, 'gradient_norm': 0.3003905847685389}
grid_color composed paired {'step': 320, 'loss': 0.1861030012369156, 'primary': 0.17894980311393738, 'source_identity': 0.007153196260333061, 'gradient_norm': 0.4443017369519276}
grid_color composed paired {'step': 384, 'loss': 0.20044755935668945, 'primary': 0.1927925944328308, 'source_identity': 0.007654970977455378, 'gradient_norm': 0.5963808781101221}
grid_color composed paired {'step': 448, 'loss': 0.20078444480895996, 'primary': 0.18993864953517914, 'source_identity': 0.010845799930393696, 'gradient_norm': 0.60276251053904}
grid_color composed paired {'step': 512, 'loss': 0.19555023312568665, 'primary': 0.1850275844335556, 'source_identity': 0.010522643104195595, 'gradient_norm': 0.638520199568883}
RESULT {"adapter": "grid_color", "shift": "composed", "objective": "paired", "trainable_parameters": 67009, "steps": 512, "learning_rate": 0.0003, "history": [{"step": 1, "loss": 0.21139772236347198, "primary": 0.21139754354953766, "source_identity": 1.847606938554236e-07, "gradient_norm": 0.4391604185156604}, {"step": 64, "loss": 0.20221318304538727, "primary": 0.20000605285167694, "source_identity": 0.002207129495218396, "gradient_norm": 1.0617358102344665}, {"step": 128, "loss": 0.20293056964874268, "primary": 0.1996374875307083, "source_identity": 0.003293087240308523, "gradient_norm": 0.8731884766198824}, {"step": 192, "loss": 0.19731946289539337, "primary": 0.1911526322364807, "source_identity": 0.00616683391854167, "gradient_norm": 1.0333411060733029}, {"step": 256, "loss": 0.1996697336435318, "primary": 0.1933102309703827, "source_identity": 0.006359499413520098, "gradient_norm": 0.3003905847685389}, {"step": 320, "loss": 0.1861030012369156, "primary": 0.17894980311393738, "source_identity": 0.007153196260333061, "gradient_norm": 0.4443017369519276}, {"step": 384, "loss": 0.20044755935668945, "primary": 0.1927925944328308, "source_identity": 0.007654970977455378, "gradient_norm": 0.5963808781101221}, {"step": 448, "loss": 0.20078444480895996, "primary": 0.18993864953517914, "source_identity": 0.010845799930393696, "gradient_norm": 0.60276251053904}, {"step": 512, "loss": 0.19555023312568665, "primary": 0.1850275844335556, "source_identity": 0.010522643104195595, "gradient_norm": 0.638520199568883}], "first_gradient_norm": 0.4391604185156604, "parameter_update_max": 0.046938084065914154, "frozen_core_gradient_tensors": 0, "peak_cuda_memory_bytes": 4385174528, "wall_clock_seconds": 152.85663771629333, "source_accuracy": 0.949999988079071, "target_accuracy": 0.8370000123977661, "pixel_l1_to_source": 0.1902448250055313, "ijepa_loss": 0.214599609375, "output": {"minimum": -0.15441566705703735, "maximum": 1.129814624786377, "all_finite": true}, "gap_recovery": 0.32335342164576636, "pixel_gap_recovery": 0.05155124046138526, "capacity_val_pixel_l1_to_source": 0.19202140271663665, "capacity_val_pixel_gap_recovery": 0.051790653491909366, "capacity_gate_pass": false}
wrote /proj/data/11-16-08-ijepa-fixed-visual-adapters/report.json
