INFO:root:VisionTransformer(
  (patch_embed): PatchEmbed(
    (proj): Conv2d(3, 1280, kernel_size=(14, 14), stride=(14, 14))
  )
  (blocks): ModuleList(
    (0-31): 32 x Block(
      (norm1): LayerNorm((1280,), eps=1e-06, elementwise_affine=True)
      (attn): Attention(
        (qkv): Linear(in_features=1280, out_features=3840, bias=True)
        (attn_drop): Dropout(p=0.0, inplace=False)
        (proj): Linear(in_features=1280, out_features=1280, bias=True)
        (proj_drop): Dropout(p=0.0, inplace=False)
      )
      (drop_path): Identity()
      (norm2): LayerNorm((1280,), eps=1e-06, elementwise_affine=True)
      (mlp): MLP(
        (fc1): Linear(in_features=1280, out_features=5120, bias=True)
        (act): GELU(approximate='none')
        (fc2): Linear(in_features=5120, out_features=1280, bias=True)
        (drop): Dropout(p=0.0, inplace=False)
      )
    )
  )
  (norm): LayerNorm((1280,), eps=1e-06, elementwise_affine=True)
)
source_accuracy=0.9500
baseline rbg: accuracy=0.9270 pixel_l1=0.0551 jepa=0.1917
baseline affine: accuracy=0.8730 pixel_l1=0.1811 jepa=0.1997
baseline composed: accuracy=0.7360 pixel_l1=0.1998 jepa=0.2133
unet rbg paired {'step': 1, 'loss': 0.06188799440860748, 'primary': 0.06188799440860748, 'source_identity': 0.0, 'gradient_norm': 0.30592030153454886}
unet rbg paired {'step': 64, 'loss': 0.06058884412050247, 'primary': 0.059637848287820816, 'source_identity': 0.0009509965311735868, 'gradient_norm': 0.043153617207505886}
unet rbg paired {'step': 128, 'loss': 0.037813715636730194, 'primary': 0.028987368568778038, 'source_identity': 0.008826348930597305, 'gradient_norm': 0.6123592045598786}
unet rbg paired {'step': 192, 'loss': 0.026935352012515068, 'primary': 0.021685704588890076, 'source_identity': 0.00524964788928628, 'gradient_norm': 0.29855781537885995}
unet rbg paired {'step': 256, 'loss': 0.025630079209804535, 'primary': 0.023227158933877945, 'source_identity': 0.002402920974418521, 'gradient_norm': 0.44255028169919886}
unet rbg paired {'step': 320, 'loss': 0.024095145985484123, 'primary': 0.0208074152469635, 'source_identity': 0.0032877300400286913, 'gradient_norm': 0.2982322539587496}
unet rbg paired {'step': 384, 'loss': 0.022813623771071434, 'primary': 0.020031360909342766, 'source_identity': 0.002782262861728668, 'gradient_norm': 0.5208781031164019}
unet rbg paired {'step': 448, 'loss': 0.031215282157063484, 'primary': 0.029144423082470894, 'source_identity': 0.0020708595402538776, 'gradient_norm': 0.8070811052087661}
unet rbg paired {'step': 512, 'loss': 0.029132243245840073, 'primary': 0.02461688034236431, 'source_identity': 0.004515363369137049, 'gradient_norm': 0.37635735970722584}
RESULT {"adapter": "unet", "shift": "rbg", "objective": "paired", "trainable_parameters": 97731, "steps": 512, "learning_rate": 0.0003, "history": [{"step": 1, "loss": 0.06188799440860748, "primary": 0.06188799440860748, "source_identity": 0.0, "gradient_norm": 0.30592030153454886}, {"step": 64, "loss": 0.06058884412050247, "primary": 0.059637848287820816, "source_identity": 0.0009509965311735868, "gradient_norm": 0.043153617207505886}, {"step": 128, "loss": 0.037813715636730194, "primary": 0.028987368568778038, "source_identity": 0.008826348930597305, "gradient_norm": 0.6123592045598786}, {"step": 192, "loss": 0.026935352012515068, "primary": 0.021685704588890076, "source_identity": 0.00524964788928628, "gradient_norm": 0.29855781537885995}, {"step": 256, "loss": 0.025630079209804535, "primary": 0.023227158933877945, "source_identity": 0.002402920974418521, "gradient_norm": 0.44255028169919886}, {"step": 320, "loss": 0.024095145985484123, "primary": 0.0208074152469635, "source_identity": 0.0032877300400286913, "gradient_norm": 0.2982322539587496}, {"step": 384, "loss": 0.022813623771071434, "primary": 0.020031360909342766, "source_identity": 0.002782262861728668, "gradient_norm": 0.5208781031164019}, {"step": 448, "loss": 0.031215282157063484, "primary": 0.029144423082470894, "source_identity": 0.0020708595402538776, "gradient_norm": 0.8070811052087661}, {"step": 512, "loss": 0.029132243245840073, "primary": 0.02461688034236431, "source_identity": 0.004515363369137049, "gradient_norm": 0.37635735970722584}], "first_gradient_norm": 0.30592030153454886, "parameter_update_max": 0.08785669505596161, "frozen_core_gradient_tensors": 0, "peak_cuda_memory_bytes": 5479973376, "wall_clock_seconds": 110.2932641506195, "source_accuracy": 0.9470000267028809, "target_accuracy": 0.9340000152587891, "pixel_l1_to_source": 0.02112238344550133, "ijepa_loss": 0.189404296875, "output": {"minimum": -0.5238748788833618, "maximum": 1.4338793754577637, "all_finite": true}, "gap_recovery": 0.3043490655029077, "pixel_gap_recovery": 0.6169629005744917, "capacity_val_pixel_l1_to_source": 0.021665178388357163, "capacity_val_pixel_gap_recovery": 0.6171640243399257, "capacity_gate_pass": true}
unet rbg target {'step': 1, 'loss': 0.166015625, 'primary': 0.166015625, 'source_identity': 0.0, 'gradient_norm': 0.15674740253777353}
unet rbg target {'step': 32, 'loss': 0.1748046875, 'primary': 0.1748046875, 'source_identity': 0.0, 'gradient_norm': 0.12513222611871047}
unet rbg target {'step': 64, 'loss': 0.1904296875, 'primary': 0.1904296875, 'source_identity': 0.0, 'gradient_norm': 1.4570222918024647}
unet rbg target {'step': 96, 'loss': 0.16796875, 'primary': 0.16796875, 'source_identity': 0.0, 'gradient_norm': 0.32448100307212374}
unet rbg target {'step': 128, 'loss': 0.197265625, 'primary': 0.197265625, 'source_identity': 0.0, 'gradient_norm': 0.415139764241097}
unet rbg target {'step': 160, 'loss': 0.185546875, 'primary': 0.185546875, 'source_identity': 0.0, 'gradient_norm': 0.24603353138453438}
unet rbg target {'step': 192, 'loss': 0.2177734375, 'primary': 0.2177734375, 'source_identity': 0.0, 'gradient_norm': 0.4356428733180958}
unet rbg target {'step': 224, 'loss': 0.1875, 'primary': 0.1875, 'source_identity': 0.0, 'gradient_norm': 0.0938032696720054}
unet rbg target {'step': 256, 'loss': 0.1943359375, 'primary': 0.1943359375, 'source_identity': 0.0, 'gradient_norm': 0.28788655510155675}
RESULT {"adapter": "unet", "shift": "rbg", "objective": "target", "trainable_parameters": 97731, "steps": 256, "learning_rate": 0.0001, "history": [{"step": 1, "loss": 0.166015625, "primary": 0.166015625, "source_identity": 0.0, "gradient_norm": 0.15674740253777353}, {"step": 32, "loss": 0.1748046875, "primary": 0.1748046875, "source_identity": 0.0, "gradient_norm": 0.12513222611871047}, {"step": 64, "loss": 0.1904296875, "primary": 0.1904296875, "source_identity": 0.0, "gradient_norm": 1.4570222918024647}, {"step": 96, "loss": 0.16796875, "primary": 0.16796875, "source_identity": 0.0, "gradient_norm": 0.32448100307212374}, {"step": 128, "loss": 0.197265625, "primary": 0.197265625, "source_identity": 0.0, "gradient_norm": 0.415139764241097}, {"step": 160, "loss": 0.185546875, "primary": 0.185546875, "source_identity": 0.0, "gradient_norm": 0.24603353138453438}, {"step": 192, "loss": 0.2177734375, "primary": 0.2177734375, "source_identity": 0.0, "gradient_norm": 0.4356428733180958}, {"step": 224, "loss": 0.1875, "primary": 0.1875, "source_identity": 0.0, "gradient_norm": 0.0938032696720054}, {"step": 256, "loss": 0.1943359375, "primary": 0.1943359375, "source_identity": 0.0, "gradient_norm": 0.28788655510155675}], "first_gradient_norm": 0.15674740253777353, "parameter_update_max": 0.010331189259886742, "frozen_core_gradient_tensors": 0, "peak_cuda_memory_bytes": 4419122176, "wall_clock_seconds": 44.35594415664673, "source_accuracy": 0.949999988079071, "target_accuracy": 0.9279999732971191, "pixel_l1_to_source": 0.06069021052122116, "ijepa_loss": 0.19130859375, "output": {"minimum": -0.01430624071508646, "maximum": 1.0284522771835327, "all_finite": true}, "gap_recovery": 0.04347769749867833, "pixel_gap_recovery": -0.1005671903244949}
unet rbg source_prior {'step': 1, 'loss': 0.181640625, 'primary': 0.181640625, 'source_identity': 0.0, 'gradient_norm': 0.2034435182002064}
unet rbg source_prior {'step': 32, 'loss': 0.18871480226516724, 'primary': 0.1884765625, 'source_identity': 0.00023823388619348407, 'gradient_norm': 0.4742524058960739}
unet rbg source_prior {'step': 64, 'loss': 0.16907556354999542, 'primary': 0.1689453125, 'source_identity': 0.00013024384679738432, 'gradient_norm': 0.4387856330227343}
unet rbg source_prior {'step': 96, 'loss': 0.21207809448242188, 'primary': 0.2119140625, 'source_identity': 0.000164025419508107, 'gradient_norm': 0.29023457465234365}
unet rbg source_prior {'step': 128, 'loss': 0.2022446095943451, 'primary': 0.2021484375, 'source_identity': 9.617566684028134e-05, 'gradient_norm': 0.4223032306212158}
unet rbg source_prior {'step': 160, 'loss': 0.18471769988536835, 'primary': 0.1845703125, 'source_identity': 0.00014738028403371572, 'gradient_norm': 0.37180821064993025}
unet rbg source_prior {'step': 192, 'loss': 0.18189458549022675, 'primary': 0.181640625, 'source_identity': 0.0002539581910241395, 'gradient_norm': 0.23045295222579523}
unet rbg source_prior {'step': 224, 'loss': 0.1778797209262848, 'primary': 0.177734375, 'source_identity': 0.00014534076035488397, 'gradient_norm': 0.3053754361621318}
unet rbg source_prior {'step': 256, 'loss': 0.2061949223279953, 'primary': 0.2060546875, 'source_identity': 0.00014024040137883276, 'gradient_norm': 0.3396650050961476}
RESULT {"adapter": "unet", "shift": "rbg", "objective": "source_prior", "trainable_parameters": 97731, "steps": 256, "learning_rate": 0.0001, "history": [{"step": 1, "loss": 0.181640625, "primary": 0.181640625, "source_identity": 0.0, "gradient_norm": 0.2034435182002064}, {"step": 32, "loss": 0.18871480226516724, "primary": 0.1884765625, "source_identity": 0.00023823388619348407, "gradient_norm": 0.4742524058960739}, {"step": 64, "loss": 0.16907556354999542, "primary": 0.1689453125, "source_identity": 0.00013024384679738432, "gradient_norm": 0.4387856330227343}, {"step": 96, "loss": 0.21207809448242188, "primary": 0.2119140625, "source_identity": 0.000164025419508107, "gradient_norm": 0.29023457465234365}, {"step": 128, "loss": 0.2022446095943451, "primary": 0.2021484375, "source_identity": 9.617566684028134e-05, "gradient_norm": 0.4223032306212158}, {"step": 160, "loss": 0.18471769988536835, "primary": 0.1845703125, "source_identity": 0.00014738028403371572, "gradient_norm": 0.37180821064993025}, {"step": 192, "loss": 0.18189458549022675, "primary": 0.181640625, "source_identity": 0.0002539581910241395, "gradient_norm": 0.23045295222579523}, {"step": 224, "loss": 0.1778797209262848, "primary": 0.177734375, "source_identity": 0.00014534076035488397, "gradient_norm": 0.3053754361621318}, {"step": 256, "loss": 0.2061949223279953, "primary": 0.2060546875, "source_identity": 0.00014024040137883276, "gradient_norm": 0.3396650050961476}], "first_gradient_norm": 0.2034435182002064, "parameter_update_max": 0.013104952871799469, "frozen_core_gradient_tensors": 0, "peak_cuda_memory_bytes": 4707600384, "wall_clock_seconds": 48.31842875480652, "source_accuracy": 0.9490000009536743, "target_accuracy": 0.9269999861717224, "pixel_l1_to_source": 0.055192885249853135, "ijepa_loss": 0.191552734375, "output": {"minimum": -0.004380396101623774, "maximum": 1.0021851062774658, "all_finite": true}, "gap_recovery": 0.0, "pixel_gap_recovery": -0.0008777053771025223}
unet affine paired {'step': 1, 'loss': 0.18524129688739777, 'primary': 0.18524129688739777, 'source_identity': 0.0, 'gradient_norm': 0.05698391846630382}
unet affine paired {'step': 64, 'loss': 0.1819227784872055, 'primary': 0.1818549931049347, 'source_identity': 6.778170791221783e-05, 'gradient_norm': 0.41581655344976187}
unet affine paired {'step': 128, 'loss': 0.1778917908668518, 'primary': 0.17784474790096283, 'source_identity': 4.704720777226612e-05, 'gradient_norm': 0.22153000492691016}
unet affine paired {'step': 192, 'loss': 0.17682293057441711, 'primary': 0.17679154872894287, 'source_identity': 3.138651300105266e-05, 'gradient_norm': 0.4899925967507491}
unet affine paired {'step': 256, 'loss': 0.18305642902851105, 'primary': 0.18301871418952942, 'source_identity': 3.771691626752727e-05, 'gradient_norm': 0.42612684230403675}
unet affine paired {'step': 320, 'loss': 0.1822560876607895, 'primary': 0.18222713470458984, 'source_identity': 2.8947672035428695e-05, 'gradient_norm': 0.40047660299566046}
unet affine paired {'step': 384, 'loss': 0.19462372362613678, 'primary': 0.1945996731519699, 'source_identity': 2.405431769147981e-05, 'gradient_norm': 0.2644012343090278}
unet affine paired {'step': 448, 'loss': 0.17541930079460144, 'primary': 0.17538677155971527, 'source_identity': 3.253159229643643e-05, 'gradient_norm': 0.47805710417129854}
unet affine paired {'step': 512, 'loss': 0.19213944673538208, 'primary': 0.19212011992931366, 'source_identity': 1.9321376385050826e-05, 'gradient_norm': 0.3990034671081255}
RESULT {"adapter": "unet", "shift": "affine", "objective": "paired", "trainable_parameters": 97731, "steps": 512, "learning_rate": 0.0003, "history": [{"step": 1, "loss": 0.18524129688739777, "primary": 0.18524129688739777, "source_identity": 0.0, "gradient_norm": 0.05698391846630382}, {"step": 64, "loss": 0.1819227784872055, "primary": 0.1818549931049347, "source_identity": 6.778170791221783e-05, "gradient_norm": 0.41581655344976187}, {"step": 128, "loss": 0.1778917908668518, "primary": 0.17784474790096283, "source_identity": 4.704720777226612e-05, "gradient_norm": 0.22153000492691016}, {"step": 192, "loss": 0.17682293057441711, "primary": 0.17679154872894287, "source_identity": 3.138651300105266e-05, "gradient_norm": 0.4899925967507491}, {"step": 256, "loss": 0.18305642902851105, "primary": 0.18301871418952942, "source_identity": 3.771691626752727e-05, "gradient_norm": 0.42612684230403675}, {"step": 320, "loss": 0.1822560876607895, "primary": 0.18222713470458984, "source_identity": 2.8947672035428695e-05, "gradient_norm": 0.40047660299566046}, {"step": 384, "loss": 0.19462372362613678, "primary": 0.1945996731519699, "source_identity": 2.405431769147981e-05, "gradient_norm": 0.2644012343090278}, {"step": 448, "loss": 0.17541930079460144, "primary": 0.17538677155971527, "source_identity": 3.253159229643643e-05, "gradient_norm": 0.47805710417129854}, {"step": 512, "loss": 0.19213944673538208, "primary": 0.19212011992931366, "source_identity": 1.9321376385050826e-05, "gradient_norm": 0.3990034671081255}], "first_gradient_norm": 0.05698391846630382, "parameter_update_max": 0.04857467859983444, "frozen_core_gradient_tensors": 0, "peak_cuda_memory_bytes": 5480759808, "wall_clock_seconds": 141.78718066215515, "source_accuracy": 0.949999988079071, "target_accuracy": 0.8709999918937683, "pixel_l1_to_source": 0.18113254296779632, "ijepa_loss": 0.199658203125, "output": {"minimum": -7.961886149132624e-05, "maximum": 1.000074028968811, "all_finite": true}, "gap_recovery": -0.02597447836234223, "pixel_gap_recovery": 2.377580272661106e-05, "capacity_val_pixel_l1_to_source": 0.18174347341060637, "capacity_val_pixel_gap_recovery": 2.4101221852368404e-05, "capacity_gate_pass": false}
unet composed paired {'step': 1, 'loss': 0.19743987917900085, 'primary': 0.19743987917900085, 'source_identity': 0.0, 'gradient_norm': 0.1181404350240386}
unet composed paired {'step': 64, 'loss': 0.194181427359581, 'primary': 0.19367821514606476, 'source_identity': 0.0005032161716371775, 'gradient_norm': 0.34473995332128454}
unet composed paired {'step': 128, 'loss': 0.1957082897424698, 'primary': 0.19289566576480865, 'source_identity': 0.002812616992741823, 'gradient_norm': 0.2701398447920313}
unet composed paired {'step': 192, 'loss': 0.19295014441013336, 'primary': 0.18643808364868164, 'source_identity': 0.006512059830129147, 'gradient_norm': 0.32638529359089713}
unet composed paired {'step': 256, 'loss': 0.18709665536880493, 'primary': 0.18228794634342194, 'source_identity': 0.004808712285012007, 'gradient_norm': 0.5765832567273619}
unet composed paired {'step': 320, 'loss': 0.17655785381793976, 'primary': 0.1740027368068695, 'source_identity': 0.0025551163125783205, 'gradient_norm': 0.30168595292595457}
unet composed paired {'step': 384, 'loss': 0.19898788630962372, 'primary': 0.1977260708808899, 'source_identity': 0.0012618227628991008, 'gradient_norm': 0.39874524880067846}
unet composed paired {'step': 448, 'loss': 0.19333118200302124, 'primary': 0.190838024020195, 'source_identity': 0.0024931523948907852, 'gradient_norm': 0.4505553425349438}
unet composed paired {'step': 512, 'loss': 0.18307015299797058, 'primary': 0.18015170097351074, 'source_identity': 0.0029184529557824135, 'gradient_norm': 0.3503876796604269}
RESULT {"adapter": "unet", "shift": "composed", "objective": "paired", "trainable_parameters": 97731, "steps": 512, "learning_rate": 0.0003, "history": [{"step": 1, "loss": 0.19743987917900085, "primary": 0.19743987917900085, "source_identity": 0.0, "gradient_norm": 0.1181404350240386}, {"step": 64, "loss": 0.194181427359581, "primary": 0.19367821514606476, "source_identity": 0.0005032161716371775, "gradient_norm": 0.34473995332128454}, {"step": 128, "loss": 0.1957082897424698, "primary": 0.19289566576480865, "source_identity": 0.002812616992741823, "gradient_norm": 0.2701398447920313}, {"step": 192, "loss": 0.19295014441013336, "primary": 0.18643808364868164, "source_identity": 0.006512059830129147, "gradient_norm": 0.32638529359089713}, {"step": 256, "loss": 0.18709665536880493, "primary": 0.18228794634342194, "source_identity": 0.004808712285012007, "gradient_norm": 0.5765832567273619}, {"step": 320, "loss": 0.17655785381793976, "primary": 0.1740027368068695, "source_identity": 0.0025551163125783205, "gradient_norm": 0.30168595292595457}, {"step": 384, "loss": 0.19898788630962372, "primary": 0.1977260708808899, "source_identity": 0.0012618227628991008, "gradient_norm": 0.39874524880067846}, {"step": 448, "loss": 0.19333118200302124, "primary": 0.190838024020195, "source_identity": 0.0024931523948907852, "gradient_norm": 0.4505553425349438}, {"step": 512, "loss": 0.18307015299797058, "primary": 0.18015170097351074, "source_identity": 0.0029184529557824135, "gradient_norm": 0.3503876796604269}], "first_gradient_norm": 0.1181404350240386, "parameter_update_max": 0.0875890925526619, "frozen_core_gradient_tensors": 0, "peak_cuda_memory_bytes": 5480759808, "wall_clock_seconds": 164.5668134689331, "source_accuracy": 0.9480000138282776, "target_accuracy": 0.7929999828338623, "pixel_l1_to_source": 0.18603268444538115, "ijepa_loss": 0.21240234375, "output": {"minimum": -0.4774383306503296, "maximum": 1.3737213611602783, "all_finite": true}, "gap_recovery": 0.2663550699045546, "pixel_gap_recovery": 0.06877836127360792, "capacity_val_pixel_l1_to_source": 0.18678666412830353, "capacity_val_pixel_gap_recovery": 0.07073681065653825, "capacity_gate_pass": false}
grid_color rbg paired {'step': 1, 'loss': 0.061888232827186584, 'primary': 0.061888065189123154, 'source_identity': 1.6821449833059887e-07, 'gradient_norm': 1.6267598021274454}
grid_color rbg paired {'step': 64, 'loss': 0.057664573192596436, 'primary': 0.05277860164642334, 'source_identity': 0.004885970149189234, 'gradient_norm': 1.5735169311456518}
grid_color rbg paired {'step': 128, 'loss': 0.041120581328868866, 'primary': 0.03280079737305641, 'source_identity': 0.00831978302448988, 'gradient_norm': 1.421710289266473}
grid_color rbg paired {'step': 192, 'loss': 0.04454778879880905, 'primary': 0.021376246586441994, 'source_identity': 0.023171544075012207, 'gradient_norm': 1.5750502127291763}
grid_color rbg paired {'step': 256, 'loss': 0.038569770753383636, 'primary': 0.019534748047590256, 'source_identity': 0.01903502270579338, 'gradient_norm': 1.414050826488594}
grid_color rbg paired {'step': 320, 'loss': 0.03735966980457306, 'primary': 0.02034931071102619, 'source_identity': 0.017010359093546867, 'gradient_norm': 1.502846712329524}
grid_color rbg paired {'step': 384, 'loss': 0.029978465288877487, 'primary': 0.01882440410554409, 'source_identity': 0.011154061183333397, 'gradient_norm': 1.5043160930220052}
grid_color rbg paired {'step': 448, 'loss': 0.03668912500143051, 'primary': 0.02049446478486061, 'source_identity': 0.0161946602165699, 'gradient_norm': 1.440588485277109}
grid_color rbg paired {'step': 512, 'loss': 0.03252938389778137, 'primary': 0.020188385620713234, 'source_identity': 0.012340998277068138, 'gradient_norm': 1.0507982963661222}
RESULT {"adapter": "grid_color", "shift": "rbg", "objective": "paired", "trainable_parameters": 67009, "steps": 512, "learning_rate": 0.0003, "history": [{"step": 1, "loss": 0.061888232827186584, "primary": 0.061888065189123154, "source_identity": 1.6821449833059887e-07, "gradient_norm": 1.6267598021274454}, {"step": 64, "loss": 0.057664573192596436, "primary": 0.05277860164642334, "source_identity": 0.004885970149189234, "gradient_norm": 1.5735169311456518}, {"step": 128, "loss": 0.041120581328868866, "primary": 0.03280079737305641, "source_identity": 0.00831978302448988, "gradient_norm": 1.421710289266473}, {"step": 192, "loss": 0.04454778879880905, "primary": 0.021376246586441994, "source_identity": 0.023171544075012207, "gradient_norm": 1.5750502127291763}, {"step": 256, "loss": 0.038569770753383636, "primary": 0.019534748047590256, "source_identity": 0.01903502270579338, "gradient_norm": 1.414050826488594}, {"step": 320, "loss": 0.03735966980457306, "primary": 0.02034931071102619, "source_identity": 0.017010359093546867, "gradient_norm": 1.502846712329524}, {"step": 384, "loss": 0.029978465288877487, "primary": 0.01882440410554409, "source_identity": 0.011154061183333397, "gradient_norm": 1.5043160930220052}, {"step": 448, "loss": 0.03668912500143051, "primary": 0.02049446478486061, "source_identity": 0.0161946602165699, "gradient_norm": 1.440588485277109}, {"step": 512, "loss": 0.03252938389778137, "primary": 0.020188385620713234, "source_identity": 0.012340998277068138, "gradient_norm": 1.0507982963661222}], "first_gradient_norm": 1.6267598021274454, "parameter_update_max": 0.055129051208496094, "frozen_core_gradient_tensors": 0, "peak_cuda_memory_bytes": 4385174528, "wall_clock_seconds": 108.48013949394226, "source_accuracy": 0.9390000104904175, "target_accuracy": 0.9340000152587891, "pixel_l1_to_source": 0.019381526350975037, "ijepa_loss": 0.190283203125, "output": {"minimum": -0.3107404410839081, "maximum": 1.2479327917099, "all_finite": true}, "gap_recovery": 0.3043490655029077, "pixel_gap_recovery": 0.648531916150889, "capacity_val_pixel_l1_to_source": 0.020163539871573447, "capacity_val_pixel_gap_recovery": 0.6436988276245633, "capacity_gate_pass": true}
grid_color rbg target {'step': 1, 'loss': 0.1669921875, 'primary': 0.1669921875, 'source_identity': 0.0, 'gradient_norm': 0.8486722731497156}
grid_color rbg target {'step': 32, 'loss': 0.173828125, 'primary': 0.173828125, 'source_identity': 0.0, 'gradient_norm': 0.5083436077282569}
grid_color rbg target {'step': 64, 'loss': 0.1845703125, 'primary': 0.1845703125, 'source_identity': 0.0, 'gradient_norm': 0.9540428466127088}
grid_color rbg target {'step': 96, 'loss': 0.158203125, 'primary': 0.158203125, 'source_identity': 0.0, 'gradient_norm': 2.10075092928124}
grid_color rbg target {'step': 128, 'loss': 0.2001953125, 'primary': 0.2001953125, 'source_identity': 0.0, 'gradient_norm': 2.5693757291798818}
grid_color rbg target {'step': 160, 'loss': 0.19140625, 'primary': 0.19140625, 'source_identity': 0.0, 'gradient_norm': 1.512642710191535}
grid_color rbg target {'step': 192, 'loss': 0.208984375, 'primary': 0.208984375, 'source_identity': 0.0, 'gradient_norm': 4.6336337379648995}
grid_color rbg target {'step': 224, 'loss': 0.1884765625, 'primary': 0.1884765625, 'source_identity': 0.0, 'gradient_norm': 1.4828138169231524}
grid_color rbg target {'step': 256, 'loss': 0.193359375, 'primary': 0.193359375, 'source_identity': 0.0, 'gradient_norm': 2.294354237294169}
RESULT {"adapter": "grid_color", "shift": "rbg", "objective": "target", "trainable_parameters": 67009, "steps": 256, "learning_rate": 0.0001, "history": [{"step": 1, "loss": 0.1669921875, "primary": 0.1669921875, "source_identity": 0.0, "gradient_norm": 0.8486722731497156}, {"step": 32, "loss": 0.173828125, "primary": 0.173828125, "source_identity": 0.0, "gradient_norm": 0.5083436077282569}, {"step": 64, "loss": 0.1845703125, "primary": 0.1845703125, "source_identity": 0.0, "gradient_norm": 0.9540428466127088}, {"step": 96, "loss": 0.158203125, "primary": 0.158203125, "source_identity": 0.0, "gradient_norm": 2.10075092928124}, {"step": 128, "loss": 0.2001953125, "primary": 0.2001953125, "source_identity": 0.0, "gradient_norm": 2.5693757291798818}, {"step": 160, "loss": 0.19140625, "primary": 0.19140625, "source_identity": 0.0, "gradient_norm": 1.512642710191535}, {"step": 192, "loss": 0.208984375, "primary": 0.208984375, "source_identity": 0.0, "gradient_norm": 4.6336337379648995}, {"step": 224, "loss": 0.1884765625, "primary": 0.1884765625, "source_identity": 0.0, "gradient_norm": 1.4828138169231524}, {"step": 256, "loss": 0.193359375, "primary": 0.193359375, "source_identity": 0.0, "gradient_norm": 2.294354237294169}], "first_gradient_norm": 0.8486722731497156, "parameter_update_max": 0.011739380657672882, "frozen_core_gradient_tensors": 0, "peak_cuda_memory_bytes": 4347565056, "wall_clock_seconds": 41.236342906951904, "source_accuracy": 0.9480000138282776, "target_accuracy": 0.9210000038146973, "pixel_l1_to_source": 0.12141035640239715, "ijepa_loss": 0.192431640625, "output": {"minimum": -0.040724605321884155, "maximum": 1.051986575126648, "all_finite": true}, "gap_recovery": -0.26086877649814966, "pixel_gap_recovery": -1.2016772338491006}
grid_color rbg source_prior {'step': 1, 'loss': 0.1816408485174179, 'primary': 0.181640625, 'source_identity': 2.2461429693976243e-07, 'gradient_norm': 2.348319592973344}
grid_color rbg source_prior {'step': 32, 'loss': 0.19311825931072235, 'primary': 0.1884765625, 'source_identity': 0.004641691222786903, 'gradient_norm': 5.260534964656089}
grid_color rbg source_prior {'step': 64, 'loss': 0.16966499388217926, 'primary': 0.16796875, 'source_identity': 0.0016962392255663872, 'gradient_norm': 3.566084786481834}
grid_color rbg source_prior {'step': 96, 'loss': 0.21380485594272614, 'primary': 0.212890625, 'source_identity': 0.0009142341441474855, 'gradient_norm': 3.9597016824674305}
grid_color rbg source_prior {'step': 128, 'loss': 0.20160141587257385, 'primary': 0.201171875, 'source_identity': 0.0004295464896131307, 'gradient_norm': 0.9988600716264627}
grid_color rbg source_prior {'step': 160, 'loss': 0.18618884682655334, 'primary': 0.1845703125, 'source_identity': 0.0016185393324121833, 'gradient_norm': 1.85372577713075}
grid_color rbg source_prior {'step': 192, 'loss': 0.1821538805961609, 'primary': 0.181640625, 'source_identity': 0.0005132508813403547, 'gradient_norm': 1.0281869775509498}
grid_color rbg source_prior {'step': 224, 'loss': 0.1792331337928772, 'primary': 0.1787109375, 'source_identity': 0.0005221895989961922, 'gradient_norm': 3.1556481421161333}
grid_color rbg source_prior {'step': 256, 'loss': 0.20630942285060883, 'primary': 0.2060546875, 'source_identity': 0.0002547358744777739, 'gradient_norm': 1.2788605349595479}
RESULT {"adapter": "grid_color", "shift": "rbg", "objective": "source_prior", "trainable_parameters": 67009, "steps": 256, "learning_rate": 0.0001, "history": [{"step": 1, "loss": 0.1816408485174179, "primary": 0.181640625, "source_identity": 2.2461429693976243e-07, "gradient_norm": 2.348319592973344}, {"step": 32, "loss": 0.19311825931072235, "primary": 0.1884765625, "source_identity": 0.004641691222786903, "gradient_norm": 5.260534964656089}, {"step": 64, "loss": 0.16966499388217926, "primary": 0.16796875, "source_identity": 0.0016962392255663872, "gradient_norm": 3.566084786481834}, {"step": 96, "loss": 0.21380485594272614, "primary": 0.212890625, "source_identity": 0.0009142341441474855, "gradient_norm": 3.9597016824674305}, {"step": 128, "loss": 0.20160141587257385, "primary": 0.201171875, "source_identity": 0.0004295464896131307, "gradient_norm": 0.9988600716264627}, {"step": 160, "loss": 0.18618884682655334, "primary": 0.1845703125, "source_identity": 0.0016185393324121833, "gradient_norm": 1.85372577713075}, {"step": 192, "loss": 0.1821538805961609, "primary": 0.181640625, "source_identity": 0.0005132508813403547, "gradient_norm": 1.0281869775509498}, {"step": 224, "loss": 0.1792331337928772, "primary": 0.1787109375, "source_identity": 0.0005221895989961922, "gradient_norm": 3.1556481421161333}, {"step": 256, "loss": 0.20630942285060883, "primary": 0.2060546875, "source_identity": 0.0002547358744777739, "gradient_norm": 1.2788605349595479}], "first_gradient_norm": 2.348319592973344, "parameter_update_max": 0.01854749023914337, "frozen_core_gradient_tensors": 0, "peak_cuda_memory_bytes": 4567762944, "wall_clock_seconds": 47.13482856750488, "source_accuracy": 0.949999988079071, "target_accuracy": 0.9269999861717224, "pixel_l1_to_source": 0.055141505211591724, "ijepa_loss": 0.191650390625, "output": {"minimum": -0.003238996025174856, "maximum": 1.0038882493972778, "all_finite": true}, "gap_recovery": 0.0, "pixel_gap_recovery": 5.402947539645542e-05}
grid_color affine paired {'step': 1, 'loss': 0.1852414458990097, 'primary': 0.18524125218391418, 'source_identity': 1.965506015721985e-07, 'gradient_norm': 0.6352237242990552}
grid_color affine paired {'step': 64, 'loss': 0.18222954869270325, 'primary': 0.181798055768013, 'source_identity': 0.0004314929246902466, 'gradient_norm': 1.0045250286813043}
grid_color affine paired {'step': 128, 'loss': 0.17806532979011536, 'primary': 0.17782273888587952, 'source_identity': 0.00024259404744952917, 'gradient_norm': 1.2704011590508604}
grid_color affine paired {'step': 192, 'loss': 0.17689697444438934, 'primary': 0.17678704857826233, 'source_identity': 0.00010992528405040503, 'gradient_norm': 0.7042792462574426}
grid_color affine paired {'step': 256, 'loss': 0.18311850726604462, 'primary': 0.1830107718706131, 'source_identity': 0.00010774198017315939, 'gradient_norm': 0.8065205046968579}
grid_color affine paired {'step': 320, 'loss': 0.18237635493278503, 'primary': 0.18218529224395752, 'source_identity': 0.00019105531100649387, 'gradient_norm': 1.5632203013034576}
grid_color affine paired {'step': 384, 'loss': 0.19473782181739807, 'primary': 0.1945977509021759, 'source_identity': 0.0001400768815074116, 'gradient_norm': 0.6545405063362221}
grid_color affine paired {'step': 448, 'loss': 0.17561814188957214, 'primary': 0.175330251455307, 'source_identity': 0.0002878881641663611, 'gradient_norm': 2.3538131998188647}
grid_color affine paired {'step': 512, 'loss': 0.1924266368150711, 'primary': 0.19206200540065765, 'source_identity': 0.0003646364784799516, 'gradient_norm': 2.04353670743315}
RESULT {"adapter": "grid_color", "shift": "affine", "objective": "paired", "trainable_parameters": 67009, "steps": 512, "learning_rate": 0.0003, "history": [{"step": 1, "loss": 0.1852414458990097, "primary": 0.18524125218391418, "source_identity": 1.965506015721985e-07, "gradient_norm": 0.6352237242990552}, {"step": 64, "loss": 0.18222954869270325, "primary": 0.181798055768013, "source_identity": 0.0004314929246902466, "gradient_norm": 1.0045250286813043}, {"step": 128, "loss": 0.17806532979011536, "primary": 0.17782273888587952, "source_identity": 0.00024259404744952917, "gradient_norm": 1.2704011590508604}, {"step": 192, "loss": 0.17689697444438934, "primary": 0.17678704857826233, "source_identity": 0.00010992528405040503, "gradient_norm": 0.7042792462574426}, {"step": 256, "loss": 0.18311850726604462, "primary": 0.1830107718706131, "source_identity": 0.00010774198017315939, "gradient_norm": 0.8065205046968579}, {"step": 320, "loss": 0.18237635493278503, "primary": 0.18218529224395752, "source_identity": 0.00019105531100649387, "gradient_norm": 1.5632203013034576}, {"step": 384, "loss": 0.19473782181739807, "primary": 0.1945977509021759, "source_identity": 0.0001400768815074116, "gradient_norm": 0.6545405063362221}, {"step": 448, "loss": 0.17561814188957214, "primary": 0.175330251455307, "source_identity": 0.0002878881641663611, "gradient_norm": 2.3538131998188647}, {"step": 512, "loss": 0.1924266368150711, "primary": 0.19206200540065765, "source_identity": 0.0003646364784799516, "gradient_norm": 2.04353670743315}], "first_gradient_norm": 0.6352237242990552, "parameter_update_max": 0.04864251986145973, "frozen_core_gradient_tensors": 0, "peak_cuda_memory_bytes": 4385174528, "wall_clock_seconds": 151.5146005153656, "source_accuracy": 0.949999988079071, "target_accuracy": 0.8700000047683716, "pixel_l1_to_source": 0.18109635078907013, "ijepa_loss": 0.19951171875, "output": {"minimum": -0.0006607261020690203, "maximum": 1.0003687143325806, "all_finite": true}, "gap_recovery": -0.038961330500176104, "pixel_gap_recovery": 0.00022358152308543655, "capacity_val_pixel_l1_to_source": 0.1817081415653229, "capacity_val_pixel_gap_recovery": 0.00021850156580860425, "capacity_gate_pass": false}
grid_color composed paired {'step': 1, 'loss': 0.197440043091774, 'primary': 0.19743986427783966, 'source_identity': 1.847606938554236e-07, 'gradient_norm': 0.46080159450755614}
grid_color composed paired {'step': 64, 'loss': 0.19286499917507172, 'primary': 0.19055436551570892, 'source_identity': 0.0023106338921934366, 'gradient_norm': 1.3168948032474326}
grid_color composed paired {'step': 128, 'loss': 0.19851620495319366, 'primary': 0.19505782425403595, 'source_identity': 0.003458387916907668, 'gradient_norm': 0.862009625116703}
grid_color composed paired {'step': 192, 'loss': 0.19740982353687286, 'primary': 0.19108092784881592, 'source_identity': 0.006328890100121498, 'gradient_norm': 0.7632272606607952}
grid_color composed paired {'step': 256, 'loss': 0.19166086614131927, 'primary': 0.1850072741508484, 'source_identity': 0.006653593387454748, 'gradient_norm': 0.5456022802002087}
grid_color composed paired {'step': 320, 'loss': 0.18396911025047302, 'primary': 0.17660437524318695, 'source_identity': 0.007364731747657061, 'gradient_norm': 0.41185169399893345}
grid_color composed paired {'step': 384, 'loss': 0.20616458356380463, 'primary': 0.1981777548789978, 'source_identity': 0.007986834272742271, 'gradient_norm': 0.5866955315066954}
grid_color composed paired {'step': 448, 'loss': 0.20440110564231873, 'primary': 0.19326040148735046, 'source_identity': 0.011140696704387665, 'gradient_norm': 0.636056388099025}
grid_color composed paired {'step': 512, 'loss': 0.19271473586559296, 'primary': 0.18149146437644958, 'source_identity': 0.011223268695175648, 'gradient_norm': 1.233536405715428}
RESULT {"adapter": "grid_color", "shift": "composed", "objective": "paired", "trainable_parameters": 67009, "steps": 512, "learning_rate": 0.0003, "history": [{"step": 1, "loss": 0.197440043091774, "primary": 0.19743986427783966, "source_identity": 1.847606938554236e-07, "gradient_norm": 0.46080159450755614}, {"step": 64, "loss": 0.19286499917507172, "primary": 0.19055436551570892, "source_identity": 0.0023106338921934366, "gradient_norm": 1.3168948032474326}, {"step": 128, "loss": 0.19851620495319366, "primary": 0.19505782425403595, "source_identity": 0.003458387916907668, "gradient_norm": 0.862009625116703}, {"step": 192, "loss": 0.19740982353687286, "primary": 0.19108092784881592, "source_identity": 0.006328890100121498, "gradient_norm": 0.7632272606607952}, {"step": 256, "loss": 0.19166086614131927, "primary": 0.1850072741508484, "source_identity": 0.006653593387454748, "gradient_norm": 0.5456022802002087}, {"step": 320, "loss": 0.18396911025047302, "primary": 0.17660437524318695, "source_identity": 0.007364731747657061, "gradient_norm": 0.41185169399893345}, {"step": 384, "loss": 0.20616458356380463, "primary": 0.1981777548789978, "source_identity": 0.007986834272742271, "gradient_norm": 0.5866955315066954}, {"step": 448, "loss": 0.20440110564231873, "primary": 0.19326040148735046, "source_identity": 0.011140696704387665, "gradient_norm": 0.636056388099025}, {"step": 512, "loss": 0.19271473586559296, "primary": 0.18149146437644958, "source_identity": 0.011223268695175648, "gradient_norm": 1.233536405715428}], "first_gradient_norm": 0.46080159450755614, "parameter_update_max": 0.05776306241750717, "frozen_core_gradient_tensors": 0, "peak_cuda_memory_bytes": 4385174528, "wall_clock_seconds": 148.5213587284088, "source_accuracy": 0.9490000009536743, "target_accuracy": 0.7919999957084656, "pixel_l1_to_source": 0.18898644518852234, "ijepa_loss": 0.211328125, "output": {"minimum": -0.15722957253456116, "maximum": 1.1327488422393799, "all_finite": true}, "gap_recovery": 0.2616822325784525, "pixel_gap_recovery": 0.053992755573007534, "capacity_val_pixel_l1_to_source": 0.1899469244480133, "capacity_val_pixel_gap_recovery": 0.055014523428195905, "capacity_gate_pass": false}
wrote /proj/data/11-15-08-ijepa-visual-adapters/report.json
